awk -F "|" '{print "MAMD0120aa",NF}' MAMD0120aa
awk -F "|" '{print "MAMD0120ab",NF}' MAMD0120ab
awk -F "|" '{print "MAMD0120ac",NF}' MAMD0120ac
awk -F "|" '{print "MAMD0120ad",NF}' MAMD0120ad
awk -F "|" '{print "MAMD0120ae",NF}' MAMD0120ae
awk -F "|" '{print "MAMD0120af",NF}' MAMD0120af
awk -F "|" '{print "MAMD0120ag",NF}' MAMD0120ag
awk -F "|" '{print "MAMD0120ah",NF}' MAMD0120ah
awk -F "|" '{print "MAMD0120ai",NF}' MAMD0120ai
awk -F "|" '{print "MAMD0120aj",NF}' MAMD0120aj
awk -F "|" '{print "MAMD0120ak",NF}' MAMD0120ak
awk -F "|" '{print "MAMD0120al",NF}' MAMD0120al
awk -F "|" '{print "MAMD0120am",NF}' MAMD0120am
awk -F "|" '{print "MAMD0120an",NF}' MAMD0120an
awk -F "|" '{print "MAMD0120ao",NF}' MAMD0120ao
awk -F "|" '{print "MAMD0120ap",NF}' MAMD0120ap
awk -F "|" '{print "MAMD0120aq",NF}' MAMD0120aq
awk -F "|" '{print "MANC0330aa",NF}' MANC0330aa
awk -F "|" '{print "MANC0330ab",NF}' MANC0330ab
awk -F "|" '{print "MANC0330ac",NF}' MANC0330ac
awk -F "|" '{print "MANC0330ad",NF}' MANC0330ad
awk -F "|" '{print "MANC0330ae",NF}' MANC0330ae
awk -F "|" '{print "MANC0330af",NF}' MANC0330af
awk -F "|" '{print "MANC0330ag",NF}' MANC0330ag
awk -F "|" '{print "MANC0330ah",NF}' MANC0330ah
awk -F "|" '{print "MANC0330ai",NF}' MANC0330ai
awk -F "|" '{print "MANC0330aj",NF}' MANC0330aj
awk -F "|" '{print "MANC0330ak",NF}' MANC0330ak
awk -F "|" '{print "MANC0330al",NF}' MANC0330al
awk -F "|" '{print "MANC0330am",NF}' MANC0330am
awk -F "|" '{print "MANC0330an",NF}' MANC0330an
awk -F "|" '{print "MANC0330ao",NF}' MANC0330ao
awk -F "|" '{print "MANC0330ap",NF}' MANC0330ap
awk -F "|" '{print "MANC0330aq",NF}' MANC0330aq
awk -F "|" '{print "MANC0330ar",NF}' MANC0330ar
awk -F "|" '{print "MANC0330as",NF}' MANC0330as
awk -F "|" '{print "MANC0330at",NF}' MANC0330at
awk -F "|" '{print "MANC0330au",NF}' MANC0330au
awk -F "|" '{print "MANC0330av",NF}' MANC0330av
awk -F "|" '{print "MANC0330aw",NF}' MANC0330aw
awk -F "|" '{print "MANC0330ax",NF}' MANC0330ax
awk -F "|" '{print "MANC0330ay",NF}' MANC0330ay
awk -F "|" '{print "MANC0330az",NF}' MANC0330az
awk -F "|" '{print "MANC0330ba",NF}' MANC0330ba
awk -F "|" '{print "MANC0330bb",NF}' MANC0330bb
awk -F "|" '{print "MANC0330bc",NF}' MANC0330bc
awk -F "|" '{print "MANC0330bd",NF}' MANC0330bd
awk -F "|" '{print "MANC0330be",NF}' MANC0330be
awk -F "|" '{print "MANC0330bf",NF}' MANC0330bf
awk -F "|" '{print "MANC0330bg",NF}' MANC0330bg
awk -F "|" '{print "MANC0330bh",NF}' MANC0330bh
awk -F "|" '{print "MANC0330bi",NF}' MANC0330bi
awk -F "|" '{print "MANC0330bj",NF}' MANC0330bj
awk -F "|" '{print "MANC0330bk",NF}' MANC0330bk
awk -F "|" '{print "MANC0330bl",NF}' MANC0330bl
awk -F "|" '{print "MANC0330bm",NF}' MANC0330bm
awk -F "|" '{print "MANC0330bn",NF}' MANC0330bn
awk -F "|" '{print "MANC0330bo",NF}' MANC0330bo
awk -F "|" '{print "MANC0330bp",NF}' MANC0330bp
awk -F "|" '{print "MANC0330bq",NF}' MANC0330bq
awk -F "|" '{print "MANC0330br",NF}' MANC0330br
awk -F "|" '{print "MANC0330bs",NF}' MANC0330bs
awk -F "|" '{print "MANC0330bt",NF}' MANC0330bt
awk -F "|" '{print "MANC0330bu",NF}' MANC0330bu
awk -F "|" '{print "MANC0330bv",NF}' MANC0330bv
awk -F "|" '{print "MANC0330bw",NF}' MANC0330bw
awk -F "|" '{print "MANC0330bx",NF}' MANC0330bx
awk -F "|" '{print "MANC0330by",NF}' MANC0330by
awk -F "|" '{print "MANC0330bz",NF}' MANC0330bz
awk -F "|" '{print "MANC0330ca",NF}' MANC0330ca
awk -F "|" '{print "MANC0330cb",NF}' MANC0330cb
awk -F "|" '{print "MANC0330cc",NF}' MANC0330cc
awk -F "|" '{print "MANC0330cd",NF}' MANC0330cd
awk -F "|" '{print "MANC0330ce",NF}' MANC0330ce
awk -F "|" '{print "MANC0330cf",NF}' MANC0330cf
awk -F "|" '{print "MANC0330cg",NF}' MANC0330cg
awk -F "|" '{print "MANC0330ch",NF}' MANC0330ch
awk -F "|" '{print "MANC0330ci",NF}' MANC0330ci
awk -F "|" '{print "MANC0330cj",NF}' MANC0330cj
awk -F "|" '{print "MANC0330ck",NF}' MANC0330ck
awk -F "|" '{print "MANC0330cl",NF}' MANC0330cl
awk -F "|" '{print "MANC0330cm",NF}' MANC0330cm
awk -F "|" '{print "MANC0330cn",NF}' MANC0330cn
awk -F "|" '{print "MANC0330co",NF}' MANC0330co
awk -F "|" '{print "MANC0330cp",NF}' MANC0330cp
awk -F "|" '{print "MANC0330cq",NF}' MANC0330cq
awk -F "|" '{print "MANC0330cr",NF}' MANC0330cr
awk -F "|" '{print "MANC0330cs",NF}' MANC0330cs
awk -F "|" '{print "MANC0330ct",NF}' MANC0330ct
awk -F "|" '{print "MANC0330cu",NF}' MANC0330cu
awk -F "|" '{print "MANC0330cv",NF}' MANC0330cv
awk -F "|" '{print "MANC0330cw",NF}' MANC0330cw
awk -F "|" '{print "MANC0330cx",NF}' MANC0330cx
awk -F "|" '{print "MANY0205aa",NF}' MANY0205aa
awk -F "|" '{print "MANY0205ab",NF}' MANY0205ab
awk -F "|" '{print "MANY0205ac",NF}' MANY0205ac
awk -F "|" '{print "MANY0205ad",NF}' MANY0205ad
awk -F "|" '{print "MANY0205ae",NF}' MANY0205ae
awk -F "|" '{print "MANY0205af",NF}' MANY0205af
awk -F "|" '{print "MANY0205ag",NF}' MANY0205ag
awk -F "|" '{print "MANY0205ah",NF}' MANY0205ah
awk -F "|" '{print "MANY0205ai",NF}' MANY0205ai
awk -F "|" '{print "MANY0205aj",NF}' MANY0205aj
awk -F "|" '{print "MANY0205ak",NF}' MANY0205ak
awk -F "|" '{print "MANY0205al",NF}' MANY0205al
awk -F "|" '{print "MANY0205am",NF}' MANY0205am
awk -F "|" '{print "MANY0205an",NF}' MANY0205an
awk -F "|" '{print "MANY0205ao",NF}' MANY0205ao
awk -F "|" '{print "MANY0205ap",NF}' MANY0205ap
awk -F "|" '{print "MANY0205aq",NF}' MANY0205aq
awk -F "|" '{print "MANY0205ar",NF}' MANY0205ar
awk -F "|" '{print "MANY0205as",NF}' MANY0205as
awk -F "|" '{print "MANY0205at",NF}' MANY0205at
awk -F "|" '{print "MANY0205au",NF}' MANY0205au
awk -F "|" '{print "MANY0205av",NF}' MANY0205av
awk -F "|" '{print "MANY0205aw",NF}' MANY0205aw
awk -F "|" '{print "MANY0205ax",NF}' MANY0205ax
awk -F "|" '{print "MANY0205ay",NF}' MANY0205ay
awk -F "|" '{print "MANY0205az",NF}' MANY0205az
awk -F "|" '{print "MANY0205ba",NF}' MANY0205ba
awk -F "|" '{print "MANY0205bb",NF}' MANY0205bb
awk -F "|" '{print "MANY0205bc",NF}' MANY0205bc
awk -F "|" '{print "MANY0205bd",NF}' MANY0205bd
awk -F "|" '{print "MANY0205be",NF}' MANY0205be
awk -F "|" '{print "MANY0205bf",NF}' MANY0205bf
awk -F "|" '{print "MANY0205bg",NF}' MANY0205bg
awk -F "|" '{print "MANY0205bh",NF}' MANY0205bh
awk -F "|" '{print "MANY0205bi",NF}' MANY0205bi
awk -F "|" '{print "MANY0205bj",NF}' MANY0205bj
